// Jest Snapshot v1, https://goo.gl/fbAQLP

exports[`<Button /> should match snapshot 1`] = `
<button
  class="btn testClassName btn--outline"
  disabled=""
  type="submit"
>
  <div
    class="btn__txt__cntr"
    tabindex="-1"
  >
    <div
      class="btn__txt__cntr__txt"
    >
      <div
        class="ring ring--small"
      >
        <span>
          content
        </span>
      </div>
    </div>
  </div>
</button>
`;
