// Jest Snapshot v1, https://goo.gl/fbAQLP

exports[`<Dropdown /> should match snapshot 1`] = `
<div
  class="dd"
>
  <span
    class="dd__cnt"
  />
  <span
    class="dd__itms"
  >
    <ul>
      <li>
        <a
          href="/"
        >
          testTitle
        </a>
      </li>
    </ul>
  </span>
</div>
`;
