// Jest Snapshot v1, https://goo.gl/fbAQLP

exports[`<Select/> should match snapshot 1`] = `
<div
  class="ctrl"
>
  <div
    class="ctrl__cntr slt required disabled hasValue"
    role="textbox"
    tabindex="0"
  >
    <label
      class="ctrl__lb"
    >
      Test Select
    </label>
    <div
      class="slt__value"
    />
    <div
      class="slt__opts"
    />
    <div
      class="ctrl__cnt"
    >
      <div
        class="arrow"
      >
        <span>
          content
        </span>
      </div>
    </div>
  </div>
  <div
    class="er__cntr"
    style="height: 0px;"
  >
    <div />
  </div>
</div>
`;
