// Jest Snapshot v1, https://goo.gl/fbAQLP

exports[`<Input /> snapshots should be equal 1`] = `
<div
  class="ctrl"
>
  <div
    class="ctrl__cntr testClassName required disabled error hasValue"
    role="textbox"
    tabindex="0"
  >
    <label
      class="ctrl__lb"
      for="testInput"
    >
      Test
    </label>
    <input
      autocomplete="on"
      disabled=""
      maxlength="100"
      name="testInput"
      placeholder="testPlaceholder"
      required=""
      type="password"
      value="testValue"
    />
    testContent
  </div>
  <div
    class="er__cntr"
    style="height: 0px;"
  >
    <div>
      errorMessage
    </div>
  </div>
</div>
`;
