// Jest Snapshot v1, https://goo.gl/fbAQLP

exports[`<Control /> should match snapshot 1`] = `
<div
  class="ctrl"
>
  <div
    class="ctrl__cntr testClassName required disabled error hasValue"
    role="textbox"
    tabindex="0"
  >
    <label
      class="ctrl__lb"
      for="testName"
    >
      testLabel
    </label>
    <div
      class="ctrl__cnt"
    >
      testContent
    </div>
  </div>
  <div
    class="er__cntr"
    style="height: 0px;"
  >
    <div>
      testError
    </div>
  </div>
</div>
`;
