// Jest Snapshot v1, https://goo.gl/fbAQLP

exports[`<Tab/> should match snapshot 1`] = `
<button
  className="tb__btn"
  style={
    Object {
      "cursor": "unset",
    }
  }
  type="button"
>
  <span
    className="tb__box"
    tabIndex={-1}
  >
    <span
      className="tb__txt"
    />
  </span>
</button>
`;
