// Jest Snapshot v1, https://goo.gl/fbAQLP

exports[`<Options /> shoud equal snapshot 1`] = `
<div
  class="slt__opts"
>
  <button
    class="slt__opt"
    type="button"
  >
    <div
      class="slt__opt__txt"
    >
      Test
    </div>
  </button>
  <button
    class="slt__opt"
    type="button"
  >
    <div
      class="slt__opt__txt"
    >
      Test 2
    </div>
  </button>
</div>
`;
